// Jest Snapshot v1, https://goo.gl/fbAQLP

exports[`Account Functionality matches snapshot 1`] = `
<DocumentFragment>
  <div
    class="d-flex flex-column align-items-center py-4 card"
  >
    <div
      class="d-flex flex-column align-items-center py-4"
    >
      <h3
        class="pb-3"
      >
        User Account Information
      </h3>
      <div
        class="d-inline-flex pb-4 input-group"
      >
        <span
          class="input-group-text"
        >
          Username
        </span>
        <input
          class="form-control"
          disabled=""
          placeholder="testUser"
          type="text"
        />
      </div>
      <div
        class="d-inline-flex pb-4 input-group"
      >
        <span
          class="input-group-text"
        >
          Email
        </span>
        <input
          class="form-control"
          disabled=""
          placeholder="test@test.com"
          type="text"
        />
      </div>
      <div
        class="d-inline-flex pb-4 input-group"
      >
        <span
          class="input-group-text"
        >
          First Name
        </span>
        <input
          class="form-control"
          disabled=""
          placeholder="----"
          type="text"
        />
      </div>
      <div
        class="d-inline-flex pb-4 input-group"
      >
        <span
          class="input-group-text"
        >
          Last Name
        </span>
        <input
          class="form-control"
          disabled=""
          placeholder="----"
          type="text"
        />
      </div>
      <button
        class="btn btn-secondary"
      >
        Edit Account Information
      </button>
    </div>
    <div
      class="d-flex flex-column align-items-center"
    >
      <div>
        <div
          class="d-inline-flex pb-4 input-group"
        >
          <span
            class="input-group-text"
          >
            Password
          </span>
          <input
            class="form-control"
            disabled=""
            placeholder="----"
            type="text"
          />
        </div>
      </div>
      <div>
        <button
          class="btn btn-secondary"
        >
          Change Password
        </button>
      </div>
    </div>
  </div>
</DocumentFragment>
`;
